2026-08-25 17:56:48.261 [main] WARN  com.alibaba.nacos.client.logging.NacosLogging - Load Logback Configuration of Nacos fail, message: Could not initialize Logback Nacos logging from classpath:nacos-logback.xml
2026-08-25 17:56:48.340 [main] WARN  com.alibaba.nacos.client.logging.NacosLogging - Load Logback Configuration of Nacos fail, message: Could not initialize Logback Nacos logging from classpath:nacos-logback.xml
2026-08-25 17:56:48.353 [main] INFO  com.dyc.xiaohashu.kv.XiaohashuKVBizApplication - Starting XiaohashuKVBizApplication using Java 17.0.12 with PID 20004 (E:\CodeDir\xiaohashu\xiaohashu-kv\xiaohashu-kv-biz\target\classes started by DYC in E:\CodeDir\xiaohashu)
2026-08-25 17:56:48.356 [main] INFO  com.dyc.xiaohashu.kv.XiaohashuKVBizApplication - The following 1 profile is active: "dev"
2026-08-25 17:56:48.992 [main] INFO  o.s.d.r.config.RepositoryConfigurationDelegate - Bootstrapping Spring Data Reactive Cassandra repositories in DEFAULT mode.
2026-08-25 17:56:49.073 [main] INFO  o.s.d.r.config.RepositoryConfigurationDelegate - Finished Spring Data repository scanning in 78 ms. Found 0 Reactive Cassandra repository interfaces.
2026-08-25 17:56:49.077 [main] INFO  o.s.d.r.config.RepositoryConfigurationDelegate - Bootstrapping Spring Data Cassandra repositories in DEFAULT mode.
2026-08-25 17:56:49.094 [main] INFO  o.s.d.r.config.RepositoryConfigurationDelegate - Finished Spring Data repository scanning in 16 ms. Found 1 Cassandra repository interfaces.
2026-08-25 17:56:49.222 [main] INFO  o.springframework.cloud.context.scope.GenericScope - BeanFactory id=e2f93a06-1d0f-329b-a670-0483eb59d170
2026-08-25 17:56:49.553 [main] INFO  o.s.boot.web.embedded.tomcat.TomcatWebServer - Tomcat initialized with port(s): 8084 (http)
2026-08-25 17:56:49.558 [main] INFO  org.apache.catalina.core.StandardService - Starting service [Tomcat]
2026-08-25 17:56:49.558 [main] INFO  org.apache.catalina.core.StandardEngine - Starting Servlet engine: [Apache Tomcat/10.1.5]
2026-08-25 17:56:49.627 [main] INFO  o.a.c.core.ContainerBase.[Tomcat].[localhost].[/] - Initializing Spring embedded WebApplicationContext
2026-08-25 17:56:49.627 [main] INFO  o.s.b.w.s.c.ServletWebServerApplicationContext - Root WebApplicationContext: initialization completed in 1218 ms
2026-08-25 17:56:49.960 [main] INFO  c.d.o.driver.internal.core.DefaultMavenCoordinates - DataStax Java driver for Apache Cassandra(R) (com.datastax.oss:java-driver-core) version 4.15.0
2026-08-25 17:56:50.367 [s0-admin-0] INFO  com.datastax.oss.driver.internal.core.time.Clock - Using native clock for microsecond precision
2026-08-25 17:56:51.005 [s1-admin-0] INFO  com.datastax.oss.driver.internal.core.time.Clock - Using native clock for microsecond precision
2026-08-25 17:56:51.924 [main] WARN  o.s.c.l.c.LoadBalancerCacheAutoConfiguration$LoadBalancerCaffeineWarnLogger - Spring Cloud LoadBalancer is currently working with the default cache. While this cache implementation is useful for development and tests, it's recommended to use Caffeine cache in production.You can switch to using Caffeine cache, by adding it and org.springframework.cache.caffeine.CaffeineCacheManager to the classpath.
2026-08-25 17:56:51.970 [main] INFO  o.s.boot.web.embedded.tomcat.TomcatWebServer - Tomcat started on port(s): 8084 (http) with context path ''
2026-08-25 17:56:51.976 [main] WARN  com.alibaba.nacos.client.logging.NacosLogging - Load Logback Configuration of Nacos fail, message: Could not initialize Logback Nacos logging from classpath:nacos-logback.xml
2026-08-25 17:56:51.976 [main] INFO  com.alibaba.nacos.client.naming - initializer namespace from ans.namespace attribute : null
2026-08-25 17:56:51.978 [main] INFO  com.alibaba.nacos.client.naming - initializer namespace from ALIBABA_ALIWARE_NAMESPACE attribute :null
2026-08-25 17:56:51.978 [main] INFO  com.alibaba.nacos.client.naming - initializer namespace from namespace attribute :null
2026-08-25 17:56:52.007 [main] INFO  com.alibaba.nacos.client.utils.ParamUtil - [settings] [req-serv] nacos-server port:8848
2026-08-25 17:56:52.007 [main] INFO  com.alibaba.nacos.client.utils.ParamUtil - [settings] [http-client] connect timeout:1000
2026-08-25 17:56:52.008 [main] INFO  com.alibaba.nacos.client.utils.ParamUtil - PER_TASK_CONFIG_SIZE: 3000.0
2026-08-25 17:56:52.015 [main] INFO  c.a.n.p.auth.spi.client.ClientAuthPluginManager - [ClientAuthPluginManager] Load ClientAuthService com.alibaba.nacos.client.auth.impl.NacosClientAuthServiceImpl success.
2026-08-25 17:56:52.015 [main] INFO  c.a.n.p.auth.spi.client.ClientAuthPluginManager - [ClientAuthPluginManager] Load ClientAuthService com.alibaba.nacos.client.auth.ram.RamClientAuthServiceImpl success.
2026-08-25 17:56:52.019 [main] INFO  c.a.n.client.auth.ram.identify.CredentialWatcher - null No credential found
2026-08-25 17:56:52.030 [main] INFO  com.alibaba.nacos.common.remote.client - [RpcClientFactory] create a new rpc client of 7cb59278-9dfa-4b7f-9747-dfc1d26a4e2d
2026-08-25 17:56:52.047 [main] INFO  com.alibaba.nacos.common.remote.client - [7cb59278-9dfa-4b7f-9747-dfc1d26a4e2d] RpcClient init, ServerListFactory = com.alibaba.nacos.client.naming.core.ServerListManager
2026-08-25 17:56:52.047 [main] INFO  com.alibaba.nacos.common.remote.client - [7cb59278-9dfa-4b7f-9747-dfc1d26a4e2d] Registry connection listener to current client:com.alibaba.nacos.client.naming.remote.gprc.redo.NamingGrpcRedoService
2026-08-25 17:56:52.047 [main] INFO  com.alibaba.nacos.common.remote.client - [7cb59278-9dfa-4b7f-9747-dfc1d26a4e2d] Register server push request handler:com.alibaba.nacos.client.naming.remote.gprc.NamingPushRequestHandler
2026-08-25 17:56:52.050 [main] INFO  com.alibaba.nacos.common.remote.client - [7cb59278-9dfa-4b7f-9747-dfc1d26a4e2d] Try to connect to server on start up, server: {serverIp = '127.0.0.1', server main port = 8848}
2026-08-25 17:56:52.084 [main] INFO  c.a.nacos.common.remote.client.grpc.GrpcClient - grpc client connection server:127.0.0.1 ip,serverPort:9848,grpcTslConfig:{"sslProvider":"OPENSSL","enableTls":false,"mutualAuthEnable":false,"trustAll":false}
2026-08-25 17:56:52.626 [main] INFO  com.alibaba.nacos.common.remote.client - [7cb59278-9dfa-4b7f-9747-dfc1d26a4e2d] Success to connect to server [127.0.0.1:8848] on start up, connectionId = 1787651812469_127.0.0.1_58623
2026-08-25 17:56:52.627 [com.alibaba.nacos.client.remote.worker] INFO  com.alibaba.nacos.common.remote.client - [7cb59278-9dfa-4b7f-9747-dfc1d26a4e2d] Notify connected event to listeners.
2026-08-25 17:56:52.627 [com.alibaba.nacos.client.remote.worker] INFO  com.alibaba.nacos.client.naming - Grpc connection connect
2026-08-25 17:56:52.627 [main] INFO  com.alibaba.nacos.common.remote.client - [7cb59278-9dfa-4b7f-9747-dfc1d26a4e2d] Register server push request handler:com.alibaba.nacos.common.remote.client.RpcClient$ConnectResetRequestHandler
2026-08-25 17:56:52.627 [main] INFO  com.alibaba.nacos.common.remote.client - [7cb59278-9dfa-4b7f-9747-dfc1d26a4e2d] Register server push request handler:com.alibaba.nacos.common.remote.client.RpcClient$$Lambda$1468/0x000001be13916360
2026-08-25 17:56:52.629 [main] INFO  com.alibaba.nacos.client.naming - [REGISTER-SERVICE] public registering service xiaohashu-kv with instance Instance{instanceId='null', ip='172.31.111.1', port=8084, weight=1.0, healthy=true, enabled=true, ephemeral=true, clusterName='DEFAULT', serviceName='null', metadata={IPv6=[240c:c981:3000:0:86ee:d472:e60d:74fc], preserved.register.source=SPRING_CLOUD}}
2026-08-25 17:56:52.639 [main] INFO  c.a.cloud.nacos.registry.NacosServiceRegistry - nacos registry, DEFAULT_GROUP xiaohashu-kv 172.31.111.1:8084 register finished
2026-08-25 17:56:52.707 [main] INFO  com.dyc.xiaohashu.kv.XiaohashuKVBizApplication - Started XiaohashuKVBizApplication in 4.977 seconds (process running for 5.277)
2026-08-25 17:57:00.630 [http-nio-8084-exec-1] INFO  o.a.c.core.ContainerBase.[Tomcat].[localhost].[/] - Initializing Spring DispatcherServlet 'dispatcherServlet'
2026-08-25 17:57:00.631 [http-nio-8084-exec-1] INFO  org.springframework.web.servlet.DispatcherServlet - Initializing Servlet 'dispatcherServlet'
2026-08-25 17:57:00.634 [http-nio-8084-exec-1] INFO  org.springframework.web.servlet.DispatcherServlet - Completed initialization in 1 ms
2026-08-25 17:58:08.929 [Thread-19] WARN  com.alibaba.nacos.common.notify.NotifyCenter - [NotifyCenter] Start destroying Publisher
2026-08-25 17:58:08.929 [Thread-22] WARN  c.alibaba.nacos.common.http.HttpClientBeanHolder - [HttpClientBeanHolder] Start destroying common HttpClient
2026-08-25 17:58:08.929 [Thread-19] WARN  com.alibaba.nacos.common.notify.NotifyCenter - [NotifyCenter] Destruction of the end
2026-08-25 17:58:08.929 [Thread-22] WARN  c.alibaba.nacos.common.http.HttpClientBeanHolder - [HttpClientBeanHolder] Destruction of the end
2026-08-25 17:58:11.027 [SpringApplicationShutdownHook] INFO  c.a.cloud.nacos.registry.NacosServiceRegistry - De-registering from Nacos Server now...
2026-08-25 17:58:11.027 [SpringApplicationShutdownHook] INFO  com.alibaba.nacos.client.naming - [DEREGISTER-SERVICE] public deregistering service xiaohashu-kv with instance: Instance{instanceId='null', ip='172.31.111.1', port=8084, weight=1.0, healthy=true, enabled=true, ephemeral=true, clusterName='DEFAULT', serviceName='null', metadata={}}
2026-08-25 17:58:11.040 [SpringApplicationShutdownHook] INFO  c.a.cloud.nacos.registry.NacosServiceRegistry - De-registration finished.
2026-08-25 17:58:11.040 [SpringApplicationShutdownHook] INFO  com.alibaba.nacos.client.naming - com.alibaba.nacos.client.naming.cache.ServiceInfoHolder do shutdown begin
2026-08-25 17:58:11.040 [SpringApplicationShutdownHook] INFO  com.alibaba.nacos.client.naming - com.alibaba.nacos.client.naming.backups.FailoverReactor do shutdown begin
2026-08-25 17:58:11.040 [SpringApplicationShutdownHook] INFO  com.alibaba.nacos.client.naming - com.alibaba.nacos.client.naming.backups.FailoverReactor do shutdown stop
2026-08-25 17:58:11.040 [SpringApplicationShutdownHook] INFO  com.alibaba.nacos.client.naming - com.alibaba.nacos.client.naming.cache.ServiceInfoHolder do shutdown stop
2026-08-25 17:58:11.040 [SpringApplicationShutdownHook] INFO  com.alibaba.nacos.client.naming - com.alibaba.nacos.client.naming.remote.NamingClientProxyDelegate do shutdown begin
2026-08-25 17:58:11.040 [SpringApplicationShutdownHook] INFO  com.alibaba.nacos.client.naming - com.alibaba.nacos.client.naming.core.ServiceInfoUpdateService do shutdown begin
2026-08-25 17:58:11.040 [SpringApplicationShutdownHook] INFO  com.alibaba.nacos.client.naming - com.alibaba.nacos.client.naming.core.ServiceInfoUpdateService do shutdown stop
2026-08-25 17:58:11.040 [SpringApplicationShutdownHook] INFO  com.alibaba.nacos.client.naming - com.alibaba.nacos.client.naming.core.ServerListManager do shutdown begin
2026-08-25 17:58:11.040 [SpringApplicationShutdownHook] WARN  com.alibaba.nacos.client.naming - [NamingHttpClientManager] Start destroying NacosRestTemplate
2026-08-25 17:58:11.040 [SpringApplicationShutdownHook] WARN  com.alibaba.nacos.client.naming - [NamingHttpClientManager] Destruction of the end
2026-08-25 17:58:11.040 [SpringApplicationShutdownHook] INFO  com.alibaba.nacos.client.naming - com.alibaba.nacos.client.naming.core.ServerListManager do shutdown stop
2026-08-25 17:58:11.040 [SpringApplicationShutdownHook] INFO  com.alibaba.nacos.client.naming - com.alibaba.nacos.client.naming.remote.http.NamingHttpClientProxy do shutdown begin
2026-08-25 17:58:11.040 [SpringApplicationShutdownHook] WARN  com.alibaba.nacos.client.naming - [NamingHttpClientManager] Start destroying NacosRestTemplate
2026-08-25 17:58:11.040 [SpringApplicationShutdownHook] WARN  com.alibaba.nacos.client.naming - [NamingHttpClientManager] Destruction of the end
2026-08-25 17:58:11.040 [SpringApplicationShutdownHook] INFO  com.alibaba.nacos.client.naming - com.alibaba.nacos.client.naming.remote.http.NamingHttpClientProxy do shutdown stop
2026-08-25 17:58:11.040 [SpringApplicationShutdownHook] INFO  com.alibaba.nacos.common.remote.client - Shutdown rpc client, set status to shutdown
2026-08-25 17:58:11.040 [SpringApplicationShutdownHook] INFO  com.alibaba.nacos.common.remote.client - Shutdown client event executor java.util.concurrent.ScheduledThreadPoolExecutor@65a2ef69[Running, pool size = 2, active threads = 2, queued tasks = 0, completed tasks = 0]
2026-08-25 17:58:11.040 [SpringApplicationShutdownHook] INFO  com.alibaba.nacos.common.remote.client - Close current connection 1787651812469_127.0.0.1_58623
2026-08-25 17:58:11.043 [nacos-grpc-client-executor-127.0.0.1-25] WARN  c.a.nacos.common.remote.client.grpc.GrpcClient - [1787651812469_127.0.0.1_58623]Ignore error event,isRunning:false,isAbandon=false
2026-08-25 17:58:11.044 [SpringApplicationShutdownHook] INFO  c.a.nacos.common.remote.client.grpc.GrpcClient - Shutdown grpc executor java.util.concurrent.ThreadPoolExecutor@371e05f0[Running, pool size = 5, active threads = 0, queued tasks = 0, completed tasks = 26]
2026-08-25 17:58:11.044 [SpringApplicationShutdownHook] INFO  com.alibaba.nacos.client.naming - Shutdown grpc redo service executor java.util.concurrent.ScheduledThreadPoolExecutor@3d1a6ace[Running, pool size = 1, active threads = 0, queued tasks = 1, completed tasks = 26]
2026-08-25 17:58:11.044 [SpringApplicationShutdownHook] INFO  c.a.n.client.auth.ram.identify.CredentialWatcher - [null] CredentialWatcher is stopped
2026-08-25 17:58:11.044 [SpringApplicationShutdownHook] INFO  c.a.n.client.auth.ram.identify.CredentialService - [null] CredentialService is freed
2026-08-25 17:58:11.044 [SpringApplicationShutdownHook] INFO  com.alibaba.nacos.client.naming - com.alibaba.nacos.client.naming.remote.NamingClientProxyDelegate do shutdown stop
2026-08-25 17:58:32.008 [main] WARN  com.alibaba.nacos.client.logging.NacosLogging - Load Logback Configuration of Nacos fail, message: Could not initialize Logback Nacos logging from classpath:nacos-logback.xml
2026-08-25 17:58:32.051 [main] WARN  com.alibaba.nacos.client.logging.NacosLogging - Load Logback Configuration of Nacos fail, message: Could not initialize Logback Nacos logging from classpath:nacos-logback.xml
2026-08-25 17:58:32.057 [main] INFO  com.dyc.xiaohashu.kv.XiaohashuKVBizApplication - Starting XiaohashuKVBizApplication using Java 17.0.12 with PID 44008 (E:\CodeDir\xiaohashu\xiaohashu-kv\xiaohashu-kv-biz\target\classes started by DYC in E:\CodeDir\xiaohashu)
2026-08-25 17:58:32.057 [main] INFO  com.dyc.xiaohashu.kv.XiaohashuKVBizApplication - The following 1 profile is active: "dev"
2026-08-25 17:58:32.433 [main] INFO  o.s.d.r.config.RepositoryConfigurationDelegate - Bootstrapping Spring Data Reactive Cassandra repositories in DEFAULT mode.
2026-08-25 17:58:32.506 [main] INFO  o.s.d.r.config.RepositoryConfigurationDelegate - Finished Spring Data repository scanning in 71 ms. Found 0 Reactive Cassandra repository interfaces.
2026-08-25 17:58:32.510 [main] INFO  o.s.d.r.config.RepositoryConfigurationDelegate - Bootstrapping Spring Data Cassandra repositories in DEFAULT mode.
2026-08-25 17:58:32.518 [main] INFO  o.s.d.r.config.RepositoryConfigurationDelegate - Finished Spring Data repository scanning in 9 ms. Found 1 Cassandra repository interfaces.
2026-08-25 17:58:32.607 [main] INFO  o.springframework.cloud.context.scope.GenericScope - BeanFactory id=b89d3078-395f-340f-b515-37058826cd21
2026-08-25 17:58:32.827 [main] INFO  o.s.boot.web.embedded.tomcat.TomcatWebServer - Tomcat initialized with port(s): 8084 (http)
2026-08-25 17:58:32.832 [main] INFO  org.apache.catalina.core.StandardService - Starting service [Tomcat]
2026-08-25 17:58:32.833 [main] INFO  org.apache.catalina.core.StandardEngine - Starting Servlet engine: [Apache Tomcat/10.1.5]
2026-08-25 17:58:32.882 [main] INFO  o.a.c.core.ContainerBase.[Tomcat].[localhost].[/] - Initializing Spring embedded WebApplicationContext
2026-08-25 17:58:32.883 [main] INFO  o.s.b.w.s.c.ServletWebServerApplicationContext - Root WebApplicationContext: initialization completed in 799 ms
2026-08-25 17:58:33.045 [main] INFO  c.d.o.driver.internal.core.DefaultMavenCoordinates - DataStax Java driver for Apache Cassandra(R) (com.datastax.oss:java-driver-core) version 4.15.0
2026-08-25 17:58:33.430 [s0-admin-0] INFO  com.datastax.oss.driver.internal.core.time.Clock - Using native clock for microsecond precision
2026-08-25 17:58:33.669 [s1-admin-0] INFO  com.datastax.oss.driver.internal.core.time.Clock - Using native clock for microsecond precision
2026-08-25 17:58:34.276 [main] WARN  o.s.c.l.c.LoadBalancerCacheAutoConfiguration$LoadBalancerCaffeineWarnLogger - Spring Cloud LoadBalancer is currently working with the default cache. While this cache implementation is useful for development and tests, it's recommended to use Caffeine cache in production.You can switch to using Caffeine cache, by adding it and org.springframework.cache.caffeine.CaffeineCacheManager to the classpath.
2026-08-25 17:58:34.312 [main] INFO  o.s.boot.web.embedded.tomcat.TomcatWebServer - Tomcat started on port(s): 8084 (http) with context path ''
2026-08-25 17:58:34.315 [main] WARN  com.alibaba.nacos.client.logging.NacosLogging - Load Logback Configuration of Nacos fail, message: Could not initialize Logback Nacos logging from classpath:nacos-logback.xml
2026-08-25 17:58:34.315 [main] INFO  com.alibaba.nacos.client.naming - initializer namespace from ans.namespace attribute : null
2026-08-25 17:58:34.316 [main] INFO  com.alibaba.nacos.client.naming - initializer namespace from ALIBABA_ALIWARE_NAMESPACE attribute :null
2026-08-25 17:58:34.316 [main] INFO  com.alibaba.nacos.client.naming - initializer namespace from namespace attribute :null
2026-08-25 17:58:34.330 [main] INFO  com.alibaba.nacos.client.utils.ParamUtil - [settings] [req-serv] nacos-server port:8848
2026-08-25 17:58:34.330 [main] INFO  com.alibaba.nacos.client.utils.ParamUtil - [settings] [http-client] connect timeout:1000
2026-08-25 17:58:34.331 [main] INFO  com.alibaba.nacos.client.utils.ParamUtil - PER_TASK_CONFIG_SIZE: 3000.0
2026-08-25 17:58:34.333 [main] INFO  c.a.n.p.auth.spi.client.ClientAuthPluginManager - [ClientAuthPluginManager] Load ClientAuthService com.alibaba.nacos.client.auth.impl.NacosClientAuthServiceImpl success.
2026-08-25 17:58:34.333 [main] INFO  c.a.n.p.auth.spi.client.ClientAuthPluginManager - [ClientAuthPluginManager] Load ClientAuthService com.alibaba.nacos.client.auth.ram.RamClientAuthServiceImpl success.
2026-08-25 17:58:34.335 [main] INFO  c.a.n.client.auth.ram.identify.CredentialWatcher - null No credential found
2026-08-25 17:58:34.340 [main] INFO  com.alibaba.nacos.common.remote.client - [RpcClientFactory] create a new rpc client of 430e94ba-0b84-43e5-97a0-ae20666a819c
2026-08-25 17:58:34.351 [main] INFO  com.alibaba.nacos.common.remote.client - [430e94ba-0b84-43e5-97a0-ae20666a819c] RpcClient init, ServerListFactory = com.alibaba.nacos.client.naming.core.ServerListManager
2026-08-25 17:58:34.352 [main] INFO  com.alibaba.nacos.common.remote.client - [430e94ba-0b84-43e5-97a0-ae20666a819c] Registry connection listener to current client:com.alibaba.nacos.client.naming.remote.gprc.redo.NamingGrpcRedoService
2026-08-25 17:58:34.352 [main] INFO  com.alibaba.nacos.common.remote.client - [430e94ba-0b84-43e5-97a0-ae20666a819c] Register server push request handler:com.alibaba.nacos.client.naming.remote.gprc.NamingPushRequestHandler
2026-08-25 17:58:34.353 [main] INFO  com.alibaba.nacos.common.remote.client - [430e94ba-0b84-43e5-97a0-ae20666a819c] Try to connect to server on start up, server: {serverIp = '127.0.0.1', server main port = 8848}
2026-08-25 17:58:34.371 [main] INFO  c.a.nacos.common.remote.client.grpc.GrpcClient - grpc client connection server:127.0.0.1 ip,serverPort:9848,grpcTslConfig:{"sslProvider":"OPENSSL","enableTls":false,"mutualAuthEnable":false,"trustAll":false}
2026-08-25 17:58:34.887 [main] INFO  com.alibaba.nacos.common.remote.client - [430e94ba-0b84-43e5-97a0-ae20666a819c] Success to connect to server [127.0.0.1:8848] on start up, connectionId = 1787651914728_127.0.0.1_54097
2026-08-25 17:58:34.888 [com.alibaba.nacos.client.remote.worker] INFO  com.alibaba.nacos.common.remote.client - [430e94ba-0b84-43e5-97a0-ae20666a819c] Notify connected event to listeners.
2026-08-25 17:58:34.888 [com.alibaba.nacos.client.remote.worker] INFO  com.alibaba.nacos.client.naming - Grpc connection connect
2026-08-25 17:58:34.888 [main] INFO  com.alibaba.nacos.common.remote.client - [430e94ba-0b84-43e5-97a0-ae20666a819c] Register server push request handler:com.alibaba.nacos.common.remote.client.RpcClient$ConnectResetRequestHandler
2026-08-25 17:58:34.889 [main] INFO  com.alibaba.nacos.common.remote.client - [430e94ba-0b84-43e5-97a0-ae20666a819c] Register server push request handler:com.alibaba.nacos.common.remote.client.RpcClient$$Lambda$1495/0x0000021c8a9098c0
2026-08-25 17:58:34.890 [main] INFO  com.alibaba.nacos.client.naming - [REGISTER-SERVICE] public registering service xiaohashu-kv with instance Instance{instanceId='null', ip='172.31.111.1', port=8084, weight=1.0, healthy=true, enabled=true, ephemeral=true, clusterName='DEFAULT', serviceName='null', metadata={IPv6=[240c:c981:3000:0:86ee:d472:e60d:74fc], preserved.register.source=SPRING_CLOUD}}
2026-08-25 17:58:34.902 [main] INFO  c.a.cloud.nacos.registry.NacosServiceRegistry - nacos registry, DEFAULT_GROUP xiaohashu-kv 172.31.111.1:8084 register finished
2026-08-25 17:58:34.970 [main] INFO  com.dyc.xiaohashu.kv.XiaohashuKVBizApplication - Started XiaohashuKVBizApplication in 3.348 seconds (process running for 3.644)
2026-08-25 17:58:51.039 [http-nio-8084-exec-1] INFO  o.a.c.core.ContainerBase.[Tomcat].[localhost].[/] - Initializing Spring DispatcherServlet 'dispatcherServlet'
2026-08-25 17:58:51.041 [http-nio-8084-exec-1] INFO  org.springframework.web.servlet.DispatcherServlet - Initializing Servlet 'dispatcherServlet'
2026-08-25 17:58:51.044 [http-nio-8084-exec-1] INFO  org.springframework.web.servlet.DispatcherServlet - Completed initialization in 2 ms
2026-08-25 21:44:00.978 [Thread-22] WARN  c.alibaba.nacos.common.http.HttpClientBeanHolder - [HttpClientBeanHolder] Start destroying common HttpClient
2026-08-25 21:44:00.978 [Thread-19] WARN  com.alibaba.nacos.common.notify.NotifyCenter - [NotifyCenter] Start destroying Publisher
2026-08-25 21:44:00.981 [Thread-19] WARN  com.alibaba.nacos.common.notify.NotifyCenter - [NotifyCenter] Destruction of the end
2026-08-25 21:44:00.986 [Thread-22] WARN  c.alibaba.nacos.common.http.HttpClientBeanHolder - [HttpClientBeanHolder] Destruction of the end
2026-08-25 21:44:03.152 [SpringApplicationShutdownHook] INFO  c.a.cloud.nacos.registry.NacosServiceRegistry - De-registering from Nacos Server now...
2026-08-25 21:44:03.153 [SpringApplicationShutdownHook] INFO  com.alibaba.nacos.client.naming - [DEREGISTER-SERVICE] public deregistering service xiaohashu-kv with instance: Instance{instanceId='null', ip='172.31.111.1', port=8084, weight=1.0, healthy=true, enabled=true, ephemeral=true, clusterName='DEFAULT', serviceName='null', metadata={}}
2026-08-25 21:44:03.160 [SpringApplicationShutdownHook] INFO  c.a.cloud.nacos.registry.NacosServiceRegistry - De-registration finished.
2026-08-25 21:44:03.161 [SpringApplicationShutdownHook] INFO  com.alibaba.nacos.client.naming - com.alibaba.nacos.client.naming.cache.ServiceInfoHolder do shutdown begin
2026-08-25 21:44:03.161 [SpringApplicationShutdownHook] INFO  com.alibaba.nacos.client.naming - com.alibaba.nacos.client.naming.backups.FailoverReactor do shutdown begin
2026-08-25 21:44:03.161 [SpringApplicationShutdownHook] INFO  com.alibaba.nacos.client.naming - com.alibaba.nacos.client.naming.backups.FailoverReactor do shutdown stop
2026-08-25 21:44:03.161 [SpringApplicationShutdownHook] INFO  com.alibaba.nacos.client.naming - com.alibaba.nacos.client.naming.cache.ServiceInfoHolder do shutdown stop
2026-08-25 21:44:03.161 [SpringApplicationShutdownHook] INFO  com.alibaba.nacos.client.naming - com.alibaba.nacos.client.naming.remote.NamingClientProxyDelegate do shutdown begin
2026-08-25 21:44:03.161 [SpringApplicationShutdownHook] INFO  com.alibaba.nacos.client.naming - com.alibaba.nacos.client.naming.core.ServiceInfoUpdateService do shutdown begin
2026-08-25 21:44:03.161 [SpringApplicationShutdownHook] INFO  com.alibaba.nacos.client.naming - com.alibaba.nacos.client.naming.core.ServiceInfoUpdateService do shutdown stop
2026-08-25 21:44:03.161 [SpringApplicationShutdownHook] INFO  com.alibaba.nacos.client.naming - com.alibaba.nacos.client.naming.core.ServerListManager do shutdown begin
2026-08-25 21:44:03.161 [SpringApplicationShutdownHook] WARN  com.alibaba.nacos.client.naming - [NamingHttpClientManager] Start destroying NacosRestTemplate
2026-08-25 21:44:03.161 [SpringApplicationShutdownHook] WARN  com.alibaba.nacos.client.naming - [NamingHttpClientManager] Destruction of the end
2026-08-25 21:44:03.161 [SpringApplicationShutdownHook] INFO  com.alibaba.nacos.client.naming - com.alibaba.nacos.client.naming.core.ServerListManager do shutdown stop
2026-08-25 21:44:03.161 [SpringApplicationShutdownHook] INFO  com.alibaba.nacos.client.naming - com.alibaba.nacos.client.naming.remote.http.NamingHttpClientProxy do shutdown begin
2026-08-25 21:44:03.161 [SpringApplicationShutdownHook] WARN  com.alibaba.nacos.client.naming - [NamingHttpClientManager] Start destroying NacosRestTemplate
2026-08-25 21:44:03.161 [SpringApplicationShutdownHook] WARN  com.alibaba.nacos.client.naming - [NamingHttpClientManager] Destruction of the end
2026-08-25 21:44:03.161 [SpringApplicationShutdownHook] INFO  com.alibaba.nacos.client.naming - com.alibaba.nacos.client.naming.remote.http.NamingHttpClientProxy do shutdown stop
2026-08-25 21:44:03.161 [SpringApplicationShutdownHook] INFO  com.alibaba.nacos.common.remote.client - Shutdown rpc client, set status to shutdown
2026-08-25 21:44:03.161 [SpringApplicationShutdownHook] INFO  com.alibaba.nacos.common.remote.client - Shutdown client event executor java.util.concurrent.ScheduledThreadPoolExecutor@2dd814ca[Running, pool size = 2, active threads = 2, queued tasks = 0, completed tasks = 0]
2026-08-25 21:44:03.162 [SpringApplicationShutdownHook] INFO  com.alibaba.nacos.common.remote.client - Close current connection 1787651914728_127.0.0.1_54097
2026-08-25 21:44:03.164 [nacos-grpc-client-executor-127.0.0.1-2719] INFO  c.a.nacos.common.remote.client.grpc.GrpcClient - [1787651914728_127.0.0.1_54097]Ignore complete event,isRunning:false,isAbandon=false
2026-08-25 21:44:03.167 [SpringApplicationShutdownHook] INFO  c.a.nacos.common.remote.client.grpc.GrpcClient - Shutdown grpc executor java.util.concurrent.ThreadPoolExecutor@41e45222[Running, pool size = 4, active threads = 0, queued tasks = 0, completed tasks = 2720]
2026-08-25 21:44:03.167 [SpringApplicationShutdownHook] INFO  com.alibaba.nacos.client.naming - Shutdown grpc redo service executor java.util.concurrent.ScheduledThreadPoolExecutor@70d510a1[Running, pool size = 1, active threads = 0, queued tasks = 1, completed tasks = 4497]
2026-08-25 21:44:03.167 [SpringApplicationShutdownHook] INFO  c.a.n.client.auth.ram.identify.CredentialWatcher - [null] CredentialWatcher is stopped
2026-08-25 21:44:03.167 [SpringApplicationShutdownHook] INFO  c.a.n.client.auth.ram.identify.CredentialService - [null] CredentialService is freed
2026-08-25 21:44:03.168 [SpringApplicationShutdownHook] INFO  com.alibaba.nacos.client.naming - com.alibaba.nacos.client.naming.remote.NamingClientProxyDelegate do shutdown stop
