2026-08-24 16:47:23.770 [main] WARN  com.alibaba.nacos.client.logging.NacosLogging - Load Logback Configuration of Nacos fail, message: Could not initialize Logback Nacos logging from classpath:nacos-logback.xml
2026-08-24 16:47:23.818 [main] WARN  com.alibaba.nacos.client.logging.NacosLogging - Load Logback Configuration of Nacos fail, message: Could not initialize Logback Nacos logging from classpath:nacos-logback.xml
2026-08-24 16:47:23.821 [main] INFO  c.dyc.xiaohashu.oss.biz.XiaohashuOssBizApplication - Starting XiaohashuOssBizApplication using Java 17.0.12 with PID 49744 (E:\CodeDir\xiaohashu\xiaohashu-oss\xiaohashu-oss-biz\target\classes started by DYC in E:\CodeDir\xiaohashu)
2026-08-24 16:47:23.822 [main] INFO  c.dyc.xiaohashu.oss.biz.XiaohashuOssBizApplication - The following 1 profile is active: "dev"
2026-08-24 16:47:23.855 [main] INFO  c.a.cloud.nacos.configdata.NacosConfigDataLoader - [Nacos Config] Load config[dataId=xiaohashu-oss-dev.yaml, group=xiaohashu-oss] success
2026-08-24 16:47:24.323 [main] INFO  o.springframework.cloud.context.scope.GenericScope - BeanFactory id=31158dba-6a0b-3370-9846-979e6cb88f5d
2026-08-24 16:47:24.663 [main] INFO  o.s.boot.web.embedded.tomcat.TomcatWebServer - Tomcat initialized with port(s): 8081 (http)
2026-08-24 16:47:24.670 [main] INFO  org.apache.catalina.core.StandardService - Starting service [Tomcat]
2026-08-24 16:47:24.671 [main] INFO  org.apache.catalina.core.StandardEngine - Starting Servlet engine: [Apache Tomcat/10.1.5]
2026-08-24 16:47:24.726 [main] INFO  o.a.c.core.ContainerBase.[Tomcat].[localhost].[/] - Initializing Spring embedded WebApplicationContext
2026-08-24 16:47:24.726 [main] INFO  o.s.b.w.s.c.ServletWebServerApplicationContext - Root WebApplicationContext: initialization completed in 870 ms
2026-08-24 16:47:37.892 [main] WARN  o.s.b.w.s.c.AnnotationConfigServletWebServerApplicationContext - Exception encountered during context initialization - cancelling refresh attempt: org.springframework.context.ApplicationContextException: Failed to start bean 'webServerStartStop'
2026-08-24 16:47:37.896 [main] INFO  org.apache.catalina.core.StandardService - Stopping service [Tomcat]
2026-08-24 16:47:37.904 [main] INFO  o.s.b.a.logging.ConditionEvaluationReportLogger - 

Error starting ApplicationContext. To display the condition evaluation report re-run your application with 'debug' enabled.
2026-08-24 16:47:37.915 [main] ERROR o.s.b.diagnostics.LoggingFailureAnalysisReporter - 

***************************
APPLICATION FAILED TO START
***************************

Description:

Web server failed to start. Port 8081 was already in use.

Action:

Identify and stop the process that's listening on port 8081 or configure this application to listen on another port.

2026-08-24 16:47:37.916 [Thread-1] WARN  c.alibaba.nacos.common.http.HttpClientBeanHolder - [HttpClientBeanHolder] Start destroying common HttpClient
2026-08-24 16:47:37.916 [Thread-6] WARN  com.alibaba.nacos.common.notify.NotifyCenter - [NotifyCenter] Start destroying Publisher
2026-08-24 16:47:37.916 [Thread-6] WARN  com.alibaba.nacos.common.notify.NotifyCenter - [NotifyCenter] Destruction of the end
2026-08-24 16:47:37.916 [Thread-1] WARN  c.alibaba.nacos.common.http.HttpClientBeanHolder - [HttpClientBeanHolder] Destruction of the end
2026-08-24 16:48:26.131 [main] WARN  com.alibaba.nacos.client.logging.NacosLogging - Load Logback Configuration of Nacos fail, message: Could not initialize Logback Nacos logging from classpath:nacos-logback.xml
2026-08-24 16:48:26.168 [main] WARN  com.alibaba.nacos.client.logging.NacosLogging - Load Logback Configuration of Nacos fail, message: Could not initialize Logback Nacos logging from classpath:nacos-logback.xml
2026-08-24 16:48:26.170 [main] INFO  c.dyc.xiaohashu.oss.biz.XiaohashuOssBizApplication - Starting XiaohashuOssBizApplication using Java 17.0.12 with PID 37688 (E:\CodeDir\xiaohashu\xiaohashu-oss\xiaohashu-oss-biz\target\classes started by DYC in E:\CodeDir\xiaohashu)
2026-08-24 16:48:26.171 [main] INFO  c.dyc.xiaohashu.oss.biz.XiaohashuOssBizApplication - The following 1 profile is active: "dev"
2026-08-24 16:48:26.195 [main] INFO  c.a.cloud.nacos.configdata.NacosConfigDataLoader - [Nacos Config] Load config[dataId=xiaohashu-oss-dev.yaml, group=xiaohashu-oss] success
2026-08-24 16:48:26.575 [main] INFO  o.springframework.cloud.context.scope.GenericScope - BeanFactory id=31158dba-6a0b-3370-9846-979e6cb88f5d
2026-08-24 16:48:26.816 [main] INFO  o.s.boot.web.embedded.tomcat.TomcatWebServer - Tomcat initialized with port(s): 8083 (http)
2026-08-24 16:48:26.823 [main] INFO  org.apache.catalina.core.StandardService - Starting service [Tomcat]
2026-08-24 16:48:26.823 [main] INFO  org.apache.catalina.core.StandardEngine - Starting Servlet engine: [Apache Tomcat/10.1.5]
2026-08-24 16:48:26.863 [main] INFO  o.a.c.core.ContainerBase.[Tomcat].[localhost].[/] - Initializing Spring embedded WebApplicationContext
2026-08-24 16:48:26.863 [main] INFO  o.s.b.w.s.c.ServletWebServerApplicationContext - Root WebApplicationContext: initialization completed in 666 ms
2026-08-24 16:48:39.766 [main] INFO  o.s.boot.web.embedded.tomcat.TomcatWebServer - Tomcat started on port(s): 8083 (http) with context path ''
2026-08-24 16:48:39.769 [main] INFO  com.alibaba.nacos.client.naming - initializer namespace from ans.namespace attribute : null
2026-08-24 16:48:39.769 [main] INFO  com.alibaba.nacos.client.naming - initializer namespace from ALIBABA_ALIWARE_NAMESPACE attribute :null
2026-08-24 16:48:39.770 [main] INFO  com.alibaba.nacos.client.naming - initializer namespace from namespace attribute :null
2026-08-24 16:48:39.774 [main] INFO  c.a.n.p.auth.spi.client.ClientAuthPluginManager - [ClientAuthPluginManager] Load ClientAuthService com.alibaba.nacos.client.auth.impl.NacosClientAuthServiceImpl success.
2026-08-24 16:48:39.774 [main] INFO  c.a.n.p.auth.spi.client.ClientAuthPluginManager - [ClientAuthPluginManager] Load ClientAuthService com.alibaba.nacos.client.auth.ram.RamClientAuthServiceImpl success.
2026-08-24 16:48:39.776 [main] INFO  com.alibaba.nacos.common.remote.client - [RpcClientFactory] create a new rpc client of 4a6b70dd-41d4-404a-931b-ba30346487dd
2026-08-24 16:48:39.778 [main] INFO  com.alibaba.nacos.common.remote.client - [4a6b70dd-41d4-404a-931b-ba30346487dd] RpcClient init, ServerListFactory = com.alibaba.nacos.client.naming.core.ServerListManager
2026-08-24 16:48:39.778 [main] INFO  com.alibaba.nacos.common.remote.client - [4a6b70dd-41d4-404a-931b-ba30346487dd] Registry connection listener to current client:com.alibaba.nacos.client.naming.remote.gprc.redo.NamingGrpcRedoService
2026-08-24 16:48:39.778 [main] INFO  com.alibaba.nacos.common.remote.client - [4a6b70dd-41d4-404a-931b-ba30346487dd] Register server push request handler:com.alibaba.nacos.client.naming.remote.gprc.NamingPushRequestHandler
2026-08-24 16:48:39.778 [main] INFO  com.alibaba.nacos.common.remote.client - [4a6b70dd-41d4-404a-931b-ba30346487dd] Try to connect to server on start up, server: {serverIp = '127.0.0.1', server main port = 8848}
2026-08-24 16:48:39.779 [main] INFO  c.a.nacos.common.remote.client.grpc.GrpcClient - grpc client connection server:127.0.0.1 ip,serverPort:9848,grpcTslConfig:{"sslProvider":"OPENSSL","enableTls":false,"mutualAuthEnable":false,"trustAll":false}
2026-08-24 16:48:39.899 [main] INFO  com.alibaba.nacos.common.remote.client - [4a6b70dd-41d4-404a-931b-ba30346487dd] Success to connect to server [127.0.0.1:8848] on start up, connectionId = 1787561319782_127.0.0.1_54301
2026-08-24 16:48:39.899 [main] INFO  com.alibaba.nacos.common.remote.client - [4a6b70dd-41d4-404a-931b-ba30346487dd] Register server push request handler:com.alibaba.nacos.common.remote.client.RpcClient$ConnectResetRequestHandler
2026-08-24 16:48:39.899 [main] INFO  com.alibaba.nacos.common.remote.client - [4a6b70dd-41d4-404a-931b-ba30346487dd] Register server push request handler:com.alibaba.nacos.common.remote.client.RpcClient$$Lambda$343/0x000001718137faa0
2026-08-24 16:48:39.899 [com.alibaba.nacos.client.remote.worker] INFO  com.alibaba.nacos.common.remote.client - [4a6b70dd-41d4-404a-931b-ba30346487dd] Notify connected event to listeners.
2026-08-24 16:48:39.900 [com.alibaba.nacos.client.remote.worker] INFO  com.alibaba.nacos.client.naming - Grpc connection connect
2026-08-24 16:48:39.901 [main] INFO  com.alibaba.nacos.client.naming - [REGISTER-SERVICE] public registering service xiaohashu-oss with instance Instance{instanceId='null', ip='172.31.111.1', port=8083, weight=1.0, healthy=true, enabled=true, ephemeral=true, clusterName='DEFAULT', serviceName='null', metadata={IPv6=[240c:c981:3000:0:86ee:d472:e60d:74fc], preserved.register.source=SPRING_CLOUD}}
2026-08-24 16:48:39.914 [main] INFO  c.a.cloud.nacos.registry.NacosServiceRegistry - nacos registry, DEFAULT_GROUP xiaohashu-oss 172.31.111.1:8083 register finished
2026-08-24 16:48:40.001 [main] INFO  c.dyc.xiaohashu.oss.biz.XiaohashuOssBizApplication - Started XiaohashuOssBizApplication in 15.159 seconds (process running for 15.582)
2026-08-24 16:48:40.004 [main] INFO  com.alibaba.nacos.client.config.impl.CacheData - nacos.cache.data.init.snapshot = true 
2026-08-24 16:48:40.005 [main] INFO  com.alibaba.nacos.client.config.impl.ClientWorker - [fixed-dev-127.0.0.1_8848] [subscribe] xiaohashu-oss-dev.yaml+xiaohashu-oss+dev
2026-08-24 16:48:40.010 [main] INFO  com.alibaba.nacos.client.config.impl.CacheData - [fixed-dev-127.0.0.1_8848] [add-listener] ok, tenant=dev, dataId=xiaohashu-oss-dev.yaml, group=xiaohashu-oss, cnt=1
2026-08-24 16:48:40.010 [main] INFO  c.a.cloud.nacos.refresh.NacosContextRefresher - [Nacos Config] Listening config: dataId=xiaohashu-oss-dev.yaml, group=xiaohashu-oss
2026-08-24 16:49:37.018 [Thread-1] WARN  c.alibaba.nacos.common.http.HttpClientBeanHolder - [HttpClientBeanHolder] Start destroying common HttpClient
2026-08-24 16:49:37.018 [Thread-6] WARN  com.alibaba.nacos.common.notify.NotifyCenter - [NotifyCenter] Start destroying Publisher
2026-08-24 16:49:37.018 [Thread-6] WARN  com.alibaba.nacos.common.notify.NotifyCenter - [NotifyCenter] Destruction of the end
2026-08-24 16:49:37.019 [Thread-1] WARN  c.alibaba.nacos.common.http.HttpClientBeanHolder - [HttpClientBeanHolder] Destruction of the end
2026-08-24 16:49:37.038 [SpringApplicationShutdownHook] INFO  c.a.cloud.nacos.registry.NacosServiceRegistry - De-registering from Nacos Server now...
2026-08-24 16:49:37.038 [SpringApplicationShutdownHook] INFO  com.alibaba.nacos.client.naming - [DEREGISTER-SERVICE] public deregistering service xiaohashu-oss with instance: Instance{instanceId='null', ip='172.31.111.1', port=8083, weight=1.0, healthy=true, enabled=true, ephemeral=true, clusterName='DEFAULT', serviceName='null', metadata={}}
2026-08-24 16:49:37.045 [SpringApplicationShutdownHook] INFO  c.a.cloud.nacos.registry.NacosServiceRegistry - De-registration finished.
2026-08-24 16:49:37.046 [SpringApplicationShutdownHook] INFO  com.alibaba.nacos.client.naming - com.alibaba.nacos.client.naming.cache.ServiceInfoHolder do shutdown begin
2026-08-24 16:49:37.046 [SpringApplicationShutdownHook] INFO  com.alibaba.nacos.client.naming - com.alibaba.nacos.client.naming.backups.FailoverReactor do shutdown begin
2026-08-24 16:49:37.046 [SpringApplicationShutdownHook] INFO  com.alibaba.nacos.client.naming - com.alibaba.nacos.client.naming.backups.FailoverReactor do shutdown stop
2026-08-24 16:49:37.046 [SpringApplicationShutdownHook] INFO  com.alibaba.nacos.client.naming - com.alibaba.nacos.client.naming.cache.ServiceInfoHolder do shutdown stop
2026-08-24 16:49:37.046 [SpringApplicationShutdownHook] INFO  com.alibaba.nacos.client.naming - com.alibaba.nacos.client.naming.remote.NamingClientProxyDelegate do shutdown begin
2026-08-24 16:49:37.046 [SpringApplicationShutdownHook] INFO  com.alibaba.nacos.client.naming - com.alibaba.nacos.client.naming.core.ServiceInfoUpdateService do shutdown begin
2026-08-24 16:49:37.046 [SpringApplicationShutdownHook] INFO  com.alibaba.nacos.client.naming - com.alibaba.nacos.client.naming.core.ServiceInfoUpdateService do shutdown stop
2026-08-24 16:49:37.046 [SpringApplicationShutdownHook] INFO  com.alibaba.nacos.client.naming - com.alibaba.nacos.client.naming.core.ServerListManager do shutdown begin
2026-08-24 16:49:37.046 [SpringApplicationShutdownHook] WARN  com.alibaba.nacos.client.naming - [NamingHttpClientManager] Start destroying NacosRestTemplate
2026-08-24 16:49:37.046 [SpringApplicationShutdownHook] WARN  com.alibaba.nacos.client.naming - [NamingHttpClientManager] Destruction of the end
2026-08-24 16:49:37.046 [SpringApplicationShutdownHook] INFO  com.alibaba.nacos.client.naming - com.alibaba.nacos.client.naming.core.ServerListManager do shutdown stop
2026-08-24 16:49:37.046 [SpringApplicationShutdownHook] INFO  com.alibaba.nacos.client.naming - com.alibaba.nacos.client.naming.remote.http.NamingHttpClientProxy do shutdown begin
2026-08-24 16:49:37.046 [SpringApplicationShutdownHook] WARN  com.alibaba.nacos.client.naming - [NamingHttpClientManager] Start destroying NacosRestTemplate
2026-08-24 16:49:37.046 [SpringApplicationShutdownHook] WARN  com.alibaba.nacos.client.naming - [NamingHttpClientManager] Destruction of the end
2026-08-24 16:49:37.046 [SpringApplicationShutdownHook] INFO  com.alibaba.nacos.client.naming - com.alibaba.nacos.client.naming.remote.http.NamingHttpClientProxy do shutdown stop
2026-08-24 16:49:37.046 [SpringApplicationShutdownHook] INFO  com.alibaba.nacos.common.remote.client - Shutdown rpc client, set status to shutdown
2026-08-24 16:49:37.046 [SpringApplicationShutdownHook] INFO  com.alibaba.nacos.common.remote.client - Shutdown client event executor java.util.concurrent.ScheduledThreadPoolExecutor@8fe1541[Running, pool size = 2, active threads = 2, queued tasks = 0, completed tasks = 0]
2026-08-24 16:49:37.046 [SpringApplicationShutdownHook] INFO  com.alibaba.nacos.common.remote.client - Close current connection 1787561319782_127.0.0.1_54301
2026-08-24 16:49:37.048 [nacos-grpc-client-executor-127.0.0.1-18] WARN  c.a.nacos.common.remote.client.grpc.GrpcClient - [1787561319782_127.0.0.1_54301]Ignore error event,isRunning:false,isAbandon=false
2026-08-24 16:49:37.049 [SpringApplicationShutdownHook] INFO  c.a.nacos.common.remote.client.grpc.GrpcClient - Shutdown grpc executor java.util.concurrent.ThreadPoolExecutor@3d5b7ba6[Running, pool size = 4, active threads = 0, queued tasks = 0, completed tasks = 19]
2026-08-24 16:49:37.049 [SpringApplicationShutdownHook] INFO  com.alibaba.nacos.client.naming - Shutdown grpc redo service executor java.util.concurrent.ScheduledThreadPoolExecutor@35d78015[Running, pool size = 1, active threads = 0, queued tasks = 1, completed tasks = 19]
2026-08-24 16:49:37.049 [SpringApplicationShutdownHook] INFO  c.a.n.client.auth.ram.identify.CredentialWatcher - [null] CredentialWatcher is stopped
2026-08-24 16:49:37.049 [SpringApplicationShutdownHook] INFO  c.a.n.client.auth.ram.identify.CredentialService - [null] CredentialService is freed
2026-08-24 16:49:37.049 [SpringApplicationShutdownHook] INFO  com.alibaba.nacos.client.naming - com.alibaba.nacos.client.naming.remote.NamingClientProxyDelegate do shutdown stop
2026-08-24 16:49:39.439 [main] WARN  com.alibaba.nacos.client.logging.NacosLogging - Load Logback Configuration of Nacos fail, message: Could not initialize Logback Nacos logging from classpath:nacos-logback.xml
2026-08-24 16:49:39.477 [main] WARN  com.alibaba.nacos.client.logging.NacosLogging - Load Logback Configuration of Nacos fail, message: Could not initialize Logback Nacos logging from classpath:nacos-logback.xml
2026-08-24 16:49:39.480 [main] INFO  c.dyc.xiaohashu.oss.biz.XiaohashuOssBizApplication - Starting XiaohashuOssBizApplication using Java 17.0.12 with PID 37912 (E:\CodeDir\xiaohashu\xiaohashu-oss\xiaohashu-oss-biz\target\classes started by DYC in E:\CodeDir\xiaohashu)
2026-08-24 16:49:39.480 [main] INFO  c.dyc.xiaohashu.oss.biz.XiaohashuOssBizApplication - The following 1 profile is active: "dev"
2026-08-24 16:49:39.503 [main] INFO  c.a.cloud.nacos.configdata.NacosConfigDataLoader - [Nacos Config] Load config[dataId=xiaohashu-oss-dev.yaml, group=xiaohashu-oss] success
2026-08-24 16:49:39.873 [main] INFO  o.springframework.cloud.context.scope.GenericScope - BeanFactory id=31158dba-6a0b-3370-9846-979e6cb88f5d
2026-08-24 16:49:40.092 [main] INFO  o.s.boot.web.embedded.tomcat.TomcatWebServer - Tomcat initialized with port(s): 8083 (http)
2026-08-24 16:49:40.098 [main] INFO  org.apache.catalina.core.StandardService - Starting service [Tomcat]
2026-08-24 16:49:40.098 [main] INFO  org.apache.catalina.core.StandardEngine - Starting Servlet engine: [Apache Tomcat/10.1.5]
2026-08-24 16:49:40.135 [main] INFO  o.a.c.core.ContainerBase.[Tomcat].[localhost].[/] - Initializing Spring embedded WebApplicationContext
2026-08-24 16:49:40.135 [main] INFO  o.s.b.w.s.c.ServletWebServerApplicationContext - Root WebApplicationContext: initialization completed in 631 ms
2026-08-24 16:49:53.033 [main] INFO  o.s.boot.web.embedded.tomcat.TomcatWebServer - Tomcat started on port(s): 8083 (http) with context path ''
2026-08-24 16:49:53.037 [main] INFO  com.alibaba.nacos.client.naming - initializer namespace from ans.namespace attribute : null
2026-08-24 16:49:53.037 [main] INFO  com.alibaba.nacos.client.naming - initializer namespace from ALIBABA_ALIWARE_NAMESPACE attribute :null
2026-08-24 16:49:53.037 [main] INFO  com.alibaba.nacos.client.naming - initializer namespace from namespace attribute :null
2026-08-24 16:49:53.042 [main] INFO  c.a.n.p.auth.spi.client.ClientAuthPluginManager - [ClientAuthPluginManager] Load ClientAuthService com.alibaba.nacos.client.auth.impl.NacosClientAuthServiceImpl success.
2026-08-24 16:49:53.042 [main] INFO  c.a.n.p.auth.spi.client.ClientAuthPluginManager - [ClientAuthPluginManager] Load ClientAuthService com.alibaba.nacos.client.auth.ram.RamClientAuthServiceImpl success.
2026-08-24 16:49:53.044 [main] INFO  com.alibaba.nacos.common.remote.client - [RpcClientFactory] create a new rpc client of eaf7345e-d2a3-4cc3-9375-7599bee83dfc
2026-08-24 16:49:53.046 [main] INFO  com.alibaba.nacos.common.remote.client - [eaf7345e-d2a3-4cc3-9375-7599bee83dfc] RpcClient init, ServerListFactory = com.alibaba.nacos.client.naming.core.ServerListManager
2026-08-24 16:49:53.046 [main] INFO  com.alibaba.nacos.common.remote.client - [eaf7345e-d2a3-4cc3-9375-7599bee83dfc] Registry connection listener to current client:com.alibaba.nacos.client.naming.remote.gprc.redo.NamingGrpcRedoService
2026-08-24 16:49:53.046 [main] INFO  com.alibaba.nacos.common.remote.client - [eaf7345e-d2a3-4cc3-9375-7599bee83dfc] Register server push request handler:com.alibaba.nacos.client.naming.remote.gprc.NamingPushRequestHandler
2026-08-24 16:49:53.047 [main] INFO  com.alibaba.nacos.common.remote.client - [eaf7345e-d2a3-4cc3-9375-7599bee83dfc] Try to connect to server on start up, server: {serverIp = '127.0.0.1', server main port = 8848}
2026-08-24 16:49:53.047 [main] INFO  c.a.nacos.common.remote.client.grpc.GrpcClient - grpc client connection server:127.0.0.1 ip,serverPort:9848,grpcTslConfig:{"sslProvider":"OPENSSL","enableTls":false,"mutualAuthEnable":false,"trustAll":false}
2026-08-24 16:49:53.168 [main] INFO  com.alibaba.nacos.common.remote.client - [eaf7345e-d2a3-4cc3-9375-7599bee83dfc] Success to connect to server [127.0.0.1:8848] on start up, connectionId = 1787561393052_127.0.0.1_58758
2026-08-24 16:49:53.168 [main] INFO  com.alibaba.nacos.common.remote.client - [eaf7345e-d2a3-4cc3-9375-7599bee83dfc] Register server push request handler:com.alibaba.nacos.common.remote.client.RpcClient$ConnectResetRequestHandler
2026-08-24 16:49:53.168 [main] INFO  com.alibaba.nacos.common.remote.client - [eaf7345e-d2a3-4cc3-9375-7599bee83dfc] Register server push request handler:com.alibaba.nacos.common.remote.client.RpcClient$$Lambda$343/0x0000029d9a380000
2026-08-24 16:49:53.168 [com.alibaba.nacos.client.remote.worker] INFO  com.alibaba.nacos.common.remote.client - [eaf7345e-d2a3-4cc3-9375-7599bee83dfc] Notify connected event to listeners.
2026-08-24 16:49:53.168 [com.alibaba.nacos.client.remote.worker] INFO  com.alibaba.nacos.client.naming - Grpc connection connect
2026-08-24 16:49:53.169 [main] INFO  com.alibaba.nacos.client.naming - [REGISTER-SERVICE] public registering service xiaohashu-oss with instance Instance{instanceId='null', ip='172.31.111.1', port=8083, weight=1.0, healthy=true, enabled=true, ephemeral=true, clusterName='DEFAULT', serviceName='null', metadata={IPv6=[240c:c981:3000:0:86ee:d472:e60d:74fc], preserved.register.source=SPRING_CLOUD}}
2026-08-24 16:49:53.177 [main] INFO  c.a.cloud.nacos.registry.NacosServiceRegistry - nacos registry, DEFAULT_GROUP xiaohashu-oss 172.31.111.1:8083 register finished
2026-08-24 16:49:53.271 [main] INFO  c.dyc.xiaohashu.oss.biz.XiaohashuOssBizApplication - Started XiaohashuOssBizApplication in 15.135 seconds (process running for 15.466)
2026-08-24 16:49:53.274 [main] INFO  com.alibaba.nacos.client.config.impl.CacheData - nacos.cache.data.init.snapshot = true 
2026-08-24 16:49:53.275 [main] INFO  com.alibaba.nacos.client.config.impl.ClientWorker - [fixed-dev-127.0.0.1_8848] [subscribe] xiaohashu-oss-dev.yaml+xiaohashu-oss+dev
2026-08-24 16:49:53.279 [main] INFO  com.alibaba.nacos.client.config.impl.CacheData - [fixed-dev-127.0.0.1_8848] [add-listener] ok, tenant=dev, dataId=xiaohashu-oss-dev.yaml, group=xiaohashu-oss, cnt=1
2026-08-24 16:49:53.280 [main] INFO  c.a.cloud.nacos.refresh.NacosContextRefresher - [Nacos Config] Listening config: dataId=xiaohashu-oss-dev.yaml, group=xiaohashu-oss
2026-08-24 16:51:19.019 [http-nio-8083-exec-1] INFO  o.a.c.core.ContainerBase.[Tomcat].[localhost].[/] - Initializing Spring DispatcherServlet 'dispatcherServlet'
2026-08-24 16:51:19.019 [http-nio-8083-exec-1] INFO  org.springframework.web.servlet.DispatcherServlet - Initializing Servlet 'dispatcherServlet'
2026-08-24 16:51:19.024 [http-nio-8083-exec-1] INFO  org.springframework.web.servlet.DispatcherServlet - Completed initialization in 0 ms
2026-08-24 16:51:19.193 [http-nio-8083-exec-1] INFO  c.d.x.oss.biz.strategy.impl.AliyunOSSFileStrategy - ## 上传文件至阿里云 OSS ...
2026-08-24 16:51:19.197 [http-nio-8083-exec-1] INFO  c.d.x.oss.biz.strategy.impl.AliyunOSSFileStrategy - ==> 开始上传文件至阿里云 OSS, ObjectName: 7750403404cb476cbb25799606878fea.png
2026-08-24 16:51:30.951 [http-nio-8083-exec-1] INFO  c.d.x.oss.biz.strategy.impl.AliyunOSSFileStrategy - ==> 上传文件至阿里云 OSS 成功，访问路径: https://dyc-zhiguang.oss-cn-beijing.aliyuncs.com/7750403404cb476cbb25799606878fea.png
